// Jest Snapshot v1, https://goo.gl/fbAQLP

exports[`VpnServerCell should render correctly 1`] = `
<View
  accessibilityState={
    Object {
      "disabled": true,
    }
  }
  accessible={true}
  focusable={false}
  onClick={[Function]}
  onResponderGrant={[Function]}
  onResponderMove={[Function]}
  onResponderRelease={[Function]}
  onResponderTerminate={[Function]}
  onResponderTerminationRequest={[Function]}
  onStartShouldSetResponder={[Function]}
  style={
    Array [
      false,
      Array [
        Object {
          "padding": 8,
        },
        Array [
          Object {
            "height": 60,
          },
        ],
      ],
    ]
  }
>
  <View
    style={
      Object {
        "flexDirection": "row",
      }
    }
  >
    <View
      style={
        Array [
          Object {
            "marginVertical": 6,
            "paddingLeft": 8,
          },
          Object {
            "flex": 1,
            "justifyContent": "center",
          },
        ]
      }
    >
      <Text
        numberOfLines={1}
        selectable={false}
        style={
          Array [
            Object {
              "color": "rgba(28, 27, 31, 1)",
            },
            Object {
              "textAlign": "left",
            },
            Array [
              Object {
                "fontSize": 16,
              },
              Object {
                "color": "rgba(28, 27, 31, 1)",
              },
              undefined,
            ],
          ]
        }
      >
        public-vpn-90.opengw.net
      </Text>
      <Text
        numberOfLines={2}
        selectable={false}
        style={
          Array [
            Object {
              "color": "rgba(28, 27, 31, 1)",
            },
            Object {
              "textAlign": "left",
            },
            Array [
              Object {
                "fontSize": 14,
              },
              Object {
                "color": "rgba(73, 69, 79, 1)",
              },
              undefined,
            ],
          ]
        }
      >
        219.100.37.55
      </Text>
    </View>
  </View>
</View>
`;
