// Jest Snapshot v1, https://goo.gl/fbAQLP

exports[`VpnServerCell given platform is Android, should render correctly 1`] = `
<View
  accessible={true}
  focusable={false}
  onClick={[Function]}
  onResponderGrant={[Function]}
  onResponderMove={[Function]}
  onResponderRelease={[Function]}
  onResponderTerminate={[Function]}
  onResponderTerminationRequest={[Function]}
  onStartShouldSetResponder={[Function]}
  style={
    Object {
      "flexDirection": "row",
    }
  }
  testID="vpn-server-list.cell"
>
  <View
    style={
      Array [
        Object {
          "marginVertical": 6,
          "paddingLeft": 8,
        },
        Object {
          "flex": 1,
          "justifyContent": "center",
        },
      ]
    }
  >
    <Text
      numberOfLines={1}
      style={
        Array [
          Object {
            "color": "rgba(28, 27, 31, 1)",
            "fontFamily": "System",
            "fontSize": 16,
            "fontWeight": "400",
            "letterSpacing": 0.15,
            "lineHeight": 24,
          },
          Object {
            "textAlign": "left",
          },
          Object {
            "writingDirection": "ltr",
          },
          Array [
            Object {
              "color": "rgba(28, 27, 31, 1)",
            },
          ],
        ]
      }
    >
      public-vpn-90.opengw.net
    </Text>
    <Text
      numberOfLines={2}
      style={
        Array [
          Object {
            "color": "rgba(28, 27, 31, 1)",
            "fontFamily": "System",
            "fontSize": 14,
            "fontWeight": "400",
            "letterSpacing": 0.25,
            "lineHeight": 20,
          },
          Object {
            "textAlign": "left",
          },
          Object {
            "writingDirection": "ltr",
          },
          Array [
            Object {
              "color": "rgba(73, 69, 79, 1)",
            },
          ],
        ]
      }
    >
      219.100.37.55
    </Text>
  </View>
</View>
`;
